	processor pic18f248
	radix dec
	org 0x2000
	goto main
	org 0x2008
	reset
	org 0x2018
	reset

;---------------------------------------------------------
; Section: constants
;---------------------------------------------------------

PREINC0 equ 0xfec

x equ 97

;---------------------------------------------------------
; Section: code
;---------------------------------------------------------

main
	movlw x
	movwf PREINC0,0
	clrf PREINC0,0
	return

END
