	processor pic18f458
	radix dec
	org 0x2000
	goto main
	org 0x2008
	reset
	org 0x2018
	reset

;---------------------------------------------------------
; Section: code
;---------------------------------------------------------

main
	bra main

;---------------------------------------------------------
; Section: configuration
;---------------------------------------------------------

	CONFIG OSC=XT

	END
