	processor pic18f248
	radix dec
	org 0x2000
	goto main
	org 0x2008
	reset
	org 0x2018
	reset

;---------------------------------------------------------
; Section: constants
;---------------------------------------------------------

PLUSW0 equ 0xfeb

;---------------------------------------------------------
; Section: code
;---------------------------------------------------------

main
	movlw -1
	movf PLUSW0,0,0
	return

	END
