	processor pic18f248
	radix dec
	org 0x2000
	goto foo
	org 0x2008
	reset
	org 0x2018
	reset

;---------------------------------------------------------
; Section: constants
;---------------------------------------------------------

INDF0 equ 0xfef

RCREG equ 0xfae

;---------------------------------------------------------
; Section: code
;---------------------------------------------------------

foo
	movff RCREG,INDF0
	return

END
