	processor pic18f248
	radix dec
	org 0x2000
	goto main
	org 0x2008
	reset
	org 0x2018
	reset

;---------------------------------------------------------
; Section: constants
;---------------------------------------------------------

INDF0 equ 0xfef

RCREG equ 0xfae

;---------------------------------------------------------
; Section: code
;---------------------------------------------------------

main
	call foo

bar
	movff INDF0,RCREG
	return 1

foo
	movff RCREG,INDF0
	return

	END
