	processor pic18f248
	radix dec
	org 0x2000
	goto init_runtime

;---------------------------------------------------------
; Section: constants
;---------------------------------------------------------

; TBLPTRU: defined at lib/sfrnames.fs:13
TBLPTRU equ 0xff8

; TBLPTRH: defined at lib/sfrnames.fs:14
TBLPTRH equ 0xff7

; TBLPTRL: defined at lib/sfrnames.fs:15
TBLPTRL equ 0xff6

; TABLAT: defined at lib/sfrnames.fs:16
TABLAT equ 0xff5

; PRODH: defined at lib/sfrnames.fs:17
PRODH equ 0xff4

; PRODL: defined at lib/sfrnames.fs:18
PRODL equ 0xff3

; INDF0: defined at lib/sfrnames.fs:23
INDF0 equ 0xfef

; POSTINC0: defined at lib/sfrnames.fs:24
POSTINC0 equ 0xfee

; POSTDEC0: defined at lib/sfrnames.fs:25
POSTDEC0 equ 0xfed

; PREINC0: defined at lib/sfrnames.fs:26
PREINC0 equ 0xfec

; PLUSW0: defined at lib/sfrnames.fs:27
PLUSW0 equ 0xfeb

; FSR0H: defined at lib/sfrnames.fs:28
FSR0H equ 0xfea

; FSR0L: defined at lib/sfrnames.fs:29
FSR0L equ 0xfe9

; WREG: defined at lib/sfrnames.fs:30
WREG equ 0xfe8

; INDF1: defined at lib/sfrnames.fs:31
INDF1 equ 0xfe7

; POSTINC1: defined at lib/sfrnames.fs:32
POSTINC1 equ 0xfe6

; FSR1H: defined at lib/sfrnames.fs:36
FSR1H equ 0xfe2

; FSR1L: defined at lib/sfrnames.fs:37
FSR1L equ 0xfe1

; INDF2: defined at lib/sfrnames.fs:39
INDF2 equ 0xfdf

; POSTDEC2: defined at lib/sfrnames.fs:41
POSTDEC2 equ 0xfdd

; PREINC2: defined at lib/sfrnames.fs:42
PREINC2 equ 0xfdc

; FSR2H: defined at lib/sfrnames.fs:44
FSR2H equ 0xfda

; FSR2L: defined at lib/sfrnames.fs:45
FSR2L equ 0xfd9

; STATUS: defined at lib/sfrnames.fs:46
STATUS equ 0xfd8

; TXREG: defined at lib/sfrnames.fs:86
TXREG equ 0xfad

; EEADR: defined at lib/sfrnames.fs:89
EEADR equ 0xfa9

; EEDATA: defined at lib/sfrnames.fs:90
EEDATA equ 0xfa8

; EECON1: defined at lib/sfrnames.fs:92
EECON1 equ 0xfa6

; PIR1: defined at lib/sfrnames.fs:100
PIR1 equ 0xf9e

; bl: defined at lib/strings.fs:5
bl equ 0x20

;---------------------------------------------------------
; Section: code
;---------------------------------------------------------

; init_runtime: defined at lib/primitives.fs:3
init_runtime
	movlb 1
	clrf x,1
	clrf (x+1),1
	movlw 0x5f
	movwf FSR0L,0
	clrf FSR0H,0
	movlw 0xbf
	movwf FSR2L,0
	clrf FSR2H,0

; main: defined at tests/test-suite.fs:73
main
	call greetings
	call _DT_s
	call cr
	movlw 10
	movwf PREINC0,0
	clrf PREINC0,0
	call test_MI_abs
	movlw LOW(-10)
	movwf PREINC0,0
	movlw HIGH(-10)
	movwf PREINC0,0
	call test_MI_abs
	clrf PREINC0,0
	clrf PREINC0,0
	call test_MI_abs
	call _DT_s
	call cr
	call test_MI_plus
	call _DT_s
	call cr
	call test_MI_minus
	call _DT_s
	call cr
	call test_MI_plus_EX_
	call _DT_s
	call cr
	call test_MI_minus_EX_
	call _DT_s
	call cr
	call test_MI_bool
	call _DT_s
	call cr
	call test_MI_swap
	call _DT_s
	call cr
	call test_MI_2_ST_
	call _DT_s
	call cr
	call test_MI_2_SL_
	call _DT_s
	call cr
	call test_MI_mult
	call _DT_s
	call cr
	call test_MI_div
	call _DT_s

; cr: defined at lib/strings.fs:8
cr
	movlw 0xa
	movwf PREINC0,0
	clrf PREINC0,0
	call emit
	movlw 0xd
	movwf PREINC0,0
	clrf PREINC0,0

; emit: defined at lib/tty.fs:4
emit
	btfss PIR1,4,0
	bra emit
	movf POSTDEC0,0,0
	movff POSTDEC0,TXREG
	return

; greetings: defined at tests/test-suite.fs:5
greetings
	movlw LOW((_data___1+0x8000))
	movwf PREINC0,0
	movlw HIGH((_data___1+0x8000))
	movwf PREINC0,0
	movlw 10
	movwf PREINC0,0
	clrf PREINC0,0

; type: defined at lib/strings.fs:27
type
	call dup
	movf POSTDEC0,0,0
	iorwf POSTDEC0,0,0
	btfsc STATUS,2,0
	goto _2drop
	movf POSTDEC0,0
	movf POSTDEC0,0
	movwf PREINC2,0
_lbl___92
	call dup
	call op_cfetch_tos
	call emit
	movf POSTDEC0,0,0
	infsnz POSTINC0,1,0
	incf INDF0,1,0
	decfsz INDF2,1,0
	bra _lbl___92
	movf POSTDEC2,1,0
	movf POSTDEC0,1,0
	movf POSTDEC0,1,0
	return

; */: defined at lib/math.fs:97
_ST__SL_
	bcf math_MI_flags,0,0
	call normalize_MI_tos_MI_3
	movff POSTDEC0,PREINC2
	movff POSTDEC0,PREINC2
	movff POSTDEC0,(temp_w+1)
	movff POSTDEC0,temp_w
	movff POSTDEC0,(temp_l+1)
	movff POSTDEC0,temp_l
	call mulw
	movff POSTDEC2,PREINC0
	movff POSTDEC2,PREINC0
	movff POSTDEC0,(temp_l+1)
	movff POSTDEC0,temp_l
	call div32
	movff temp_w,PREINC0
	movff (temp_w+1),PREINC0

; apply-sign: defined at lib/math.fs:93
apply_MI_sign
	btfss math_MI_flags,0,0
	return

; negate: defined at lib/arithmetic.fs:132
negate
	comf POSTDEC0,1,0
	negf POSTINC0,0
	movlw 0
	addwfc INDF0,1,0
	return

; <=: defined at lib/arithmetic.fs:184
_LT__EQ_
	call swap

; >=: defined at lib/arithmetic.fs:175
_GT__EQ_
	call _2dupxor_GT_w
	btfss WREG,7,0
	bra _lbl___26
	movf POSTDEC0,1,0
	movf POSTDEC0,1,0
	call _0_LT_
	goto op_zeroeq
_lbl___26
	call op_minus
	call _0_LT_

; op_zeroeq: defined at lib/primitives.fs:70
op_zeroeq
	movf POSTDEC0,0,0
	iorwf POSTDEC0,0,0

; op_zeroeq_z: defined at lib/primitives.fs:61
op_zeroeq_z
	movlw -1
	btfss STATUS,2,0
	addlw 1
	movwf PREINC0,0
	movwf PREINC0,0
	return

; >: defined at lib/arithmetic.fs:183
_GT_
	call swap

; <: defined at lib/arithmetic.fs:167
_LT_
	call _2dupxor_GT_w
	btfss WREG,7,0
	bra _lbl___22
	movf POSTDEC0,1,0
	movf POSTDEC0,1,0
	goto _0_LT_
_lbl___22
	call op_minus

; 0<: defined at lib/arithmetic.fs:140
_0_LT_
	movlw -1
	btfss POSTDEC0,7,0
	movlw 0
	movwf POSTINC0,0
	movwf INDF0,0
	return

; .: defined at lib/strings.fs:25
_DT_
	call _1_GT_2
	call emit_MI_8

; emit-8: defined at lib/strings.fs:24
emit_MI_8
	call dup
	movf POSTDEC0,0,0
	swapf POSTINC0,1,0
	movlw 0xf
	movwf PREINC0,0
	clrf PREINC0,0
	call and
	call emit_MI_4
	movlw 0xf
	movwf PREINC0,0
	clrf PREINC0,0
	call and

; emit-4: defined at lib/strings.fs:23
emit_MI_4
	call nibble_MI_to_MI_hex
	movwf PREINC0,0
	clrf PREINC0,0
	goto emit

; op_normalize: defined at lib/primitives.fs:54
op_normalize
	movf POSTDEC0,0,0
	iorwf POSTDEC0,0,0

; op_normalize_z: defined at lib/primitives.fs:45
op_normalize_z
	movlw -1
	btfsc STATUS,2,0
	addlw 1
	movwf PREINC0,0
	movwf PREINC0,0
	return

; pick: defined at lib/arithmetic.fs:238
pick
	call negate
	call depth
	call op_plus
	call _2_ST_
	movlw LOW(0x5c)
	movf POSTDEC0,1,0
	addwf POSTINC0,1,0
	movlw HIGH(0x5c)
	addwfc INDF0,1,0

; op_fetch_tos: defined at lib/primitives.fs:183
op_fetch_tos
	btfsc INDF0,7,0
	goto flash_AT_
	btfsc INDF0,4,0
	goto eeprom_AT_
	movff POSTDEC0,FSR1H
	movff POSTDEC0,FSR1L
	movff POSTINC1,PREINC0
	movff INDF1,PREINC0
	return

; *: defined at lib/arithmetic.fs:221
_ST_
	movff POSTDEC0,(temp_x1+1)
	movff POSTDEC0,temp_x1
	movff POSTDEC0,(temp_x2+1)
	movff POSTDEC0,temp_x2

; (*): defined at lib/arithmetic.fs:204
_OP__ST__CP_
	movf temp_x1,0,0
	mulwf temp_x2,0
	movff PRODL,PREINC0
	movff PRODH,temp_x3
	mulwf (temp_x2+1),0
	movf PRODL,0,0
	addwf temp_x3,1,0
	movf (temp_x1+1),0,0
	mulwf temp_x2,0
	movf PRODL,0,0
	addwfc temp_x3,0,0
	movwf PREINC0,0
	return

; table-addr!: defined at lib/tables.fs:1
table_MI_addr_EX_
	clrf TBLPTRU,0
	call _1_GT_2
	movf POSTDEC0,0,0
	movff POSTDEC0,TBLPTRH
	movf POSTDEC0,0,0
	movff POSTDEC0,TBLPTRL
	bcf EECON1,6,0
	return

; normalize-tos: defined at lib/math.fs:90
normalize_MI_tos
	call dup
	call _0_LT_
	movf POSTDEC0,0,0
	iorwf POSTDEC0,0,0
	btfsc STATUS,2,0
	return
	btg math_MI_flags,0,0
	goto negate

; flash-addr!: defined at lib/tables.fs:3
flash_MI_addr_EX_
	bcf INDF0,7,0
	bsf EECON1,7,0
	bra table_MI_addr_EX_

; space: defined at lib/strings.fs:7
_space
	movlw bl
	movwf PREINC0,0
	clrf PREINC0,0
	goto emit

; test-abs: defined at tests/test-suite.fs:7
test_MI_abs
	movlw LOW((_data___2+0x8000))
	movwf PREINC0,0
	movlw HIGH((_data___2+0x8000))
	movwf PREINC0,0
	movlw 16
	movwf PREINC0,0
	clrf PREINC0,0
	call type
	call dup
	call _DT_
	movlw LOW((_data___3+0x8000))
	movwf PREINC0,0
	movlw HIGH((_data___3+0x8000))
	movwf PREINC0,0
	movlw 2
	movwf PREINC0,0
	clrf PREINC0,0
	call type
	btfsc INDF0,7,0
	call negate
	call _DT_
	goto cr

; test-plus: defined at tests/test-suite.fs:10
test_MI_plus
	movlw LOW((_data___4+0x8000))
	movwf PREINC0,0
	movlw HIGH((_data___4+0x8000))
	movwf PREINC0,0
	movlw 33
	movwf PREINC0,0
	clrf PREINC0,0
	call type
	movlw LOW((0x1234+0x103))
	movwf PREINC0,0
	movlw HIGH((0x1234+0x103))
	movwf PREINC0,0
	call _DT_
	goto cr

; test-minus: defined at tests/test-suite.fs:13
test_MI_minus
	movlw LOW((_data___5+0x8000))
	movwf PREINC0,0
	movlw HIGH((_data___5+0x8000))
	movwf PREINC0,0
	movlw 33
	movwf PREINC0,0
	clrf PREINC0,0
	call type
	movlw LOW((0x1337-0x1234))
	movwf PREINC0,0
	movlw HIGH((0x1337-0x1234))
	movwf PREINC0,0
	call _DT_
	goto cr

; test-plus!: defined at tests/test-suite.fs:16
test_MI_plus_EX_
	movlw LOW((_data___6+0x8000))
	movwf PREINC0,0
	movlw HIGH((_data___6+0x8000))
	movwf PREINC0,0
	movlw 34
	movwf PREINC0,0
	clrf PREINC0,0
	call type
	movlw LOW(0x103)
	movwf x,1
	movlw HIGH(0x103)
	movwf (x+1),1
	movlw LOW(0x1234)
	movwf PREINC0,0
	movlw HIGH(0x1234)
	movwf PREINC0,0
	clrf PREINC0,0
	movlw HIGH(x)
	movwf PREINC0,0
	call _PL__EX_
	movff x,PREINC0
	movff (x+1),PREINC0
	call _DT_
	goto cr

; test-minus!: defined at tests/test-suite.fs:19
test_MI_minus_EX_
	movlw LOW((_data___7+0x8000))
	movwf PREINC0,0
	movlw HIGH((_data___7+0x8000))
	movwf PREINC0,0
	movlw 41
	movwf PREINC0,0
	clrf PREINC0,0
	call type
	movlw LOW(0x1337)
	movwf x,1
	movlw HIGH(0x1337)
	movwf (x+1),1
	movlw LOW(0x1234)
	movwf PREINC0,0
	movlw HIGH(0x1234)
	movwf PREINC0,0
	clrf PREINC0,0
	movlw HIGH(x)
	movwf PREINC0,0
	call _MI__EX_
	movff x,PREINC0
	movff (x+1),PREINC0
	call _DT_
	goto cr

; cf: defined at tests/test-suite.fs:23
cf
	call dup
	movf POSTDEC0,0,0
	iorwf POSTDEC0,0,0
	btfsc STATUS,2,0
	return
	movlw LOW((_data___8+0x8000))
	movwf PREINC0,0
	movlw HIGH((_data___8+0x8000))
	movwf PREINC0,0
	movlw 9
	movwf PREINC0,0
	clrf PREINC0,0
	goto type

; ct: defined at tests/test-suite.fs:24
ct
	call dup
	movf POSTDEC0,0,0
	iorwf POSTDEC0,0,0
	btfss STATUS,2,0
	return
	movlw LOW((_data___9+0x8000))
	movwf PREINC0,0
	movlw HIGH((_data___9+0x8000))
	movwf PREINC0,0
	movlw 9
	movwf PREINC0,0
	clrf PREINC0,0
	goto type

; test-bool: defined at tests/test-suite.fs:26
test_MI_bool
	movlw LOW((_data___10+0x8000))
	movwf PREINC0,0
	movlw HIGH((_data___10+0x8000))
	movwf PREINC0,0
	movlw 8
	movwf PREINC0,0
	clrf PREINC0,0
	call type
	movlw 1
	movwf PREINC0,0
	clrf PREINC0,0
	movlw 2
	movwf PREINC0,0
	clrf PREINC0,0
	call _LT_
	call ct
	call _DT_
	call cr
	movlw LOW((_data___11+0x8000))
	movwf PREINC0,0
	movlw HIGH((_data___11+0x8000))
	movwf PREINC0,0
	movlw 9
	movwf PREINC0,0
	clrf PREINC0,0
	call type
	movlw 1
	movwf PREINC0,0
	clrf PREINC0,0
	movlw 2
	movwf PREINC0,0
	clrf PREINC0,0
	call _LT__EQ_
	call ct
	call _DT_
	call cr
	movlw LOW((_data___12+0x8000))
	movwf PREINC0,0
	movlw HIGH((_data___12+0x8000))
	movwf PREINC0,0
	movlw 8
	movwf PREINC0,0
	clrf PREINC0,0
	call type
	movlw 1
	movwf PREINC0,0
	clrf PREINC0,0
	movlw 2
	movwf PREINC0,0
	clrf PREINC0,0
	call _GT_
	call cf
	call _DT_
	call cr
	movlw LOW((_data___13+0x8000))
	movwf PREINC0,0
	movlw HIGH((_data___13+0x8000))
	movwf PREINC0,0
	movlw 9
	movwf PREINC0,0
	clrf PREINC0,0
	call type
	movlw 1
	movwf PREINC0,0
	clrf PREINC0,0
	movlw 2
	movwf PREINC0,0
	clrf PREINC0,0
	call _GT__EQ_
	call cf
	call _DT_
	call cr
	movlw LOW((_data___14+0x8000))
	movwf PREINC0,0
	movlw HIGH((_data___14+0x8000))
	movwf PREINC0,0
	movlw 8
	movwf PREINC0,0
	clrf PREINC0,0
	call type
	movlw 1
	movwf PREINC0,0
	clrf PREINC0,0
	movlw 2
	movwf PREINC0,0
	clrf PREINC0,0
	call xor
	call op_zeroeq
	call cf
	call _DT_
	call cr
	movlw LOW((_data___15+0x8000))
	movwf PREINC0,0
	movlw HIGH((_data___15+0x8000))
	movwf PREINC0,0
	movlw 9
	movwf PREINC0,0
	clrf PREINC0,0
	call type
	movlw 1
	movwf PREINC0,0
	clrf PREINC0,0
	movlw 2
	movwf PREINC0,0
	clrf PREINC0,0
	call xor
	call op_normalize
	call ct
	call _DT_
	call cr
	movlw LOW((_data___16+0x8000))
	movwf PREINC0,0
	movlw HIGH((_data___16+0x8000))
	movwf PREINC0,0
	movlw 8
	movwf PREINC0,0
	clrf PREINC0,0
	call type
	movlw 1
	movwf PREINC0,0
	clrf PREINC0,0
	movlw 1
	movwf PREINC0,0
	clrf PREINC0,0
	call _LT_
	call cf
	call _DT_
	call cr
	movlw LOW((_data___17+0x8000))
	movwf PREINC0,0
	movlw HIGH((_data___17+0x8000))
	movwf PREINC0,0
	movlw 9
	movwf PREINC0,0
	clrf PREINC0,0
	call type
	movlw 1
	movwf PREINC0,0
	clrf PREINC0,0
	movlw 1
	movwf PREINC0,0
	clrf PREINC0,0
	call _LT__EQ_
	call ct
	call _DT_
	call cr
	movlw LOW((_data___18+0x8000))
	movwf PREINC0,0
	movlw HIGH((_data___18+0x8000))
	movwf PREINC0,0
	movlw 8
	movwf PREINC0,0
	clrf PREINC0,0
	call type
	movlw 1
	movwf PREINC0,0
	clrf PREINC0,0
	movlw 1
	movwf PREINC0,0
	clrf PREINC0,0
	call _GT_
	call cf
	call _DT_
	call cr
	movlw LOW((_data___19+0x8000))
	movwf PREINC0,0
	movlw HIGH((_data___19+0x8000))
	movwf PREINC0,0
	movlw 9
	movwf PREINC0,0
	clrf PREINC0,0
	call type
	movlw 1
	movwf PREINC0,0
	clrf PREINC0,0
	movlw 1
	movwf PREINC0,0
	clrf PREINC0,0
	call _GT__EQ_
	call ct
	call _DT_
	call cr
	movlw LOW((_data___20+0x8000))
	movwf PREINC0,0
	movlw HIGH((_data___20+0x8000))
	movwf PREINC0,0
	movlw 8
	movwf PREINC0,0
	clrf PREINC0,0
	call type
	movlw 1
	movwf PREINC0,0
	clrf PREINC0,0
	movlw 1
	movwf PREINC0,0
	clrf PREINC0,0
	call xor
	call op_zeroeq
	call ct
	call _DT_
	call cr
	movlw LOW((_data___21+0x8000))
	movwf PREINC0,0
	movlw HIGH((_data___21+0x8000))
	movwf PREINC0,0
	movlw 9
	movwf PREINC0,0
	clrf PREINC0,0
	call type
	movlw 1
	movwf PREINC0,0
	clrf PREINC0,0
	movlw 1
	movwf PREINC0,0
	clrf PREINC0,0
	call xor
	call op_normalize
	call cf
	call _DT_
	call cr
	movlw LOW((_data___22+0x8000))
	movwf PREINC0,0
	movlw HIGH((_data___22+0x8000))
	movwf PREINC0,0
	movlw 7
	movwf PREINC0,0
	clrf PREINC0,0
	call type
	movlw 1
	movwf PREINC0,0
	clrf PREINC0,0
	call op_zeroeq
	call cf
	call _DT_
	call cr
	movlw LOW((_data___23+0x8000))
	movwf PREINC0,0
	movlw HIGH((_data___23+0x8000))
	movwf PREINC0,0
	movlw 7
	movwf PREINC0,0
	clrf PREINC0,0
	call type
	movlw 1
	movwf PREINC0,0
	clrf PREINC0,0
	call _0_LT_
	call cf
	call _DT_
	call cr
	movlw LOW((_data___24+0x8000))
	movwf PREINC0,0
	movlw HIGH((_data___24+0x8000))
	movwf PREINC0,0
	movlw 7
	movwf PREINC0,0
	clrf PREINC0,0
	call type
	movlw 1
	movwf PREINC0,0
	clrf PREINC0,0
	call negate
	call _0_LT_
	call ct
	call _DT_
	call cr
	movlw LOW((_data___25+0x8000))
	movwf PREINC0,0
	movlw HIGH((_data___25+0x8000))
	movwf PREINC0,0
	movlw 8
	movwf PREINC0,0
	clrf PREINC0,0
	call type
	movlw 1
	movwf PREINC0,0
	clrf PREINC0,0
	call negate
	call _0_LT_
	call op_zeroeq
	call cf
	call _DT_
	call cr
	movlw LOW((_data___26+0x8000))
	movwf PREINC0,0
	movlw HIGH((_data___26+0x8000))
	movwf PREINC0,0
	movlw 8
	movwf PREINC0,0
	clrf PREINC0,0
	call type
	movlw 1
	movwf PREINC0,0
	clrf PREINC0,0
	call _0_LT_
	call op_zeroeq
	call ct
	call _DT_
	call cr
	movlw LOW((_data___27+0x8000))
	movwf PREINC0,0
	movlw HIGH((_data___27+0x8000))
	movwf PREINC0,0
	movlw 8
	movwf PREINC0,0
	clrf PREINC0,0
	call type
	movlw LOW(-1)
	movwf PREINC0,0
	movlw HIGH(-1)
	movwf PREINC0,0
	call op_zeroeq
	call cf
	call _DT_
	call cr
	movlw LOW((_data___28+0x8000))
	movwf PREINC0,0
	movlw HIGH((_data___28+0x8000))
	movwf PREINC0,0
	movlw 8
	movwf PREINC0,0
	clrf PREINC0,0
	call type
	movlw LOW(-1)
	movwf PREINC0,0
	movlw HIGH(-1)
	movwf PREINC0,0
	call _0_LT_
	call ct
	call _DT_
	call cr
	movlw LOW((_data___29+0x8000))
	movwf PREINC0,0
	movlw HIGH((_data___29+0x8000))
	movwf PREINC0,0
	movlw 8
	movwf PREINC0,0
	clrf PREINC0,0
	call type
	movlw LOW(-1)
	movwf PREINC0,0
	movlw HIGH(-1)
	movwf PREINC0,0
	call negate
	call _0_LT_
	call cf
	call _DT_
	call cr
	movlw LOW((_data___30+0x8000))
	movwf PREINC0,0
	movlw HIGH((_data___30+0x8000))
	movwf PREINC0,0
	movlw 9
	movwf PREINC0,0
	clrf PREINC0,0
	call type
	movlw LOW(-1)
	movwf PREINC0,0
	movlw HIGH(-1)
	movwf PREINC0,0
	call negate
	call _0_LT_
	call op_zeroeq
	call ct
	call _DT_
	call cr
	movlw LOW((_data___31+0x8000))
	movwf PREINC0,0
	movlw HIGH((_data___31+0x8000))
	movwf PREINC0,0
	movlw 9
	movwf PREINC0,0
	clrf PREINC0,0
	call type
	movlw LOW(-1)
	movwf PREINC0,0
	movlw HIGH(-1)
	movwf PREINC0,0
	call _0_LT_
	call op_zeroeq
	call cf
	call _DT_
	call cr
	movlw LOW((_data___32+0x8000))
	movwf PREINC0,0
	movlw HIGH((_data___32+0x8000))
	movwf PREINC0,0
	movlw 7
	movwf PREINC0,0
	clrf PREINC0,0
	call type
	clrf PREINC0,0
	clrf PREINC0,0
	call op_zeroeq
	call ct
	call _DT_
	call cr
	movlw LOW((_data___33+0x8000))
	movwf PREINC0,0
	movlw HIGH((_data___33+0x8000))
	movwf PREINC0,0
	movlw 7
	movwf PREINC0,0
	clrf PREINC0,0
	call type
	clrf PREINC0,0
	clrf PREINC0,0
	call _0_LT_
	call cf
	call _DT_
	call cr
	movlw LOW((_data___34+0x8000))
	movwf PREINC0,0
	movlw HIGH((_data___34+0x8000))
	movwf PREINC0,0
	movlw 7
	movwf PREINC0,0
	clrf PREINC0,0
	call type
	clrf PREINC0,0
	clrf PREINC0,0
	call negate
	call _0_LT_
	call cf
	call _DT_
	call cr
	movlw LOW((_data___35+0x8000))
	movwf PREINC0,0
	movlw HIGH((_data___35+0x8000))
	movwf PREINC0,0
	movlw 8
	movwf PREINC0,0
	clrf PREINC0,0
	call type
	clrf PREINC0,0
	clrf PREINC0,0
	call negate
	call _0_LT_
	call op_zeroeq
	call ct
	call _DT_
	call cr
	movlw LOW((_data___36+0x8000))
	movwf PREINC0,0
	movlw HIGH((_data___36+0x8000))
	movwf PREINC0,0
	movlw 8
	movwf PREINC0,0
	clrf PREINC0,0
	call type
	clrf PREINC0,0
	clrf PREINC0,0
	call _0_LT_
	call op_zeroeq
	call ct
	call _DT_
	goto cr

; test-swap: defined at tests/test-suite.fs:56
test_MI_swap
	movlw LOW((_data___37+0x8000))
	movwf PREINC0,0
	movlw HIGH((_data___37+0x8000))
	movwf PREINC0,0
	movlw 24
	movwf PREINC0,0
	clrf PREINC0,0
	call type
	movlw LOW(0x1234)
	movwf PREINC0,0
	movlw HIGH(0x1234)
	movwf PREINC0,0
	movlw LOW(0x5678)
	movwf PREINC0,0
	movlw HIGH(0x5678)
	movwf PREINC0,0
	call swap
	call _DT_
	call _space
	call _DT_
	goto cr

; test-2*: defined at tests/test-suite.fs:59
test_MI_2_ST_
	movlw LOW((_data___38+0x8000))
	movwf PREINC0,0
	movlw HIGH((_data___38+0x8000))
	movwf PREINC0,0
	movlw 10
	movwf PREINC0,0
	clrf PREINC0,0
	call type
	movlw LOW(0x1234)
	movwf PREINC0,0
	movlw HIGH(0x1234)
	movwf PREINC0,0
	call _2_ST_
	call _DT_
	goto cr

; test-2/: defined at tests/test-suite.fs:62
test_MI_2_SL_
	movlw LOW((_data___39+0x8000))
	movwf PREINC0,0
	movlw HIGH((_data___39+0x8000))
	movwf PREINC0,0
	movlw 10
	movwf PREINC0,0
	clrf PREINC0,0
	call type
	movlw LOW(0x2468)
	movwf PREINC0,0
	movlw HIGH(0x2468)
	movwf PREINC0,0
	rlcf INDF0,0,0
	rrcf POSTDEC0,1,0
	rrcf POSTINC0,1,0
	call _DT_
	call cr
	movlw LOW((_data___40+0x8000))
	movwf PREINC0,0
	movlw HIGH((_data___40+0x8000))
	movwf PREINC0,0
	movlw 10
	movwf PREINC0,0
	clrf PREINC0,0
	call type
	movlw LOW(0xfff0)
	movwf PREINC0,0
	movlw HIGH(0xfff0)
	movwf PREINC0,0
	rlcf INDF0,0,0
	rrcf POSTDEC0,1,0
	rrcf POSTINC0,1,0
	call _DT_
	goto cr

; test-mult: defined at tests/test-suite.fs:67
test_MI_mult
	movlw LOW((_data___41+0x8000))
	movwf PREINC0,0
	movlw HIGH((_data___41+0x8000))
	movwf PREINC0,0
	movlw 16
	movwf PREINC0,0
	clrf PREINC0,0
	call type
	movlw 0x75
	movwf PREINC0,0
	clrf PREINC0,0
	movlw 0x3a
	movwf PREINC0,0
	clrf PREINC0,0
	call _ST_
	call _DT_
	goto cr

; test-div: defined at tests/test-suite.fs:70
test_MI_div
	movlw LOW((_data___42+0x8000))
	movwf PREINC0,0
	movlw HIGH((_data___42+0x8000))
	movwf PREINC0,0
	movlw 18
	movwf PREINC0,0
	clrf PREINC0,0
	call type
	movlw LOW(1000)
	movwf PREINC0,0
	movlw HIGH(1000)
	movwf PREINC0,0
	movlw LOW(355)
	movwf PREINC0,0
	movlw HIGH(355)
	movwf PREINC0,0
	movlw 113
	movwf PREINC0,0
	clrf PREINC0,0
	call _ST__SL_
	call _DT_
	goto cr

; dup: defined at lib/primitives.fs:29
dup
	movlw -1
	movff PLUSW0,PREINC0
	movff PLUSW0,PREINC0
	return

; op_cfetch_tos: defined at lib/primitives.fs:197
op_cfetch_tos
	btfsc INDF0,7,0
	goto flashc_AT_
	btfsc INDF0,4,0
	goto eepromc_AT_
	movff POSTDEC0,FSR1H
	movff POSTDEC0,FSR1L
	movff INDF1,PREINC0
	clrf PREINC0,0
	return

; swap: defined at lib/primitives.fs:241
swap
	movff POSTDEC0,(temp_x1+1)
	movff POSTDEC0,temp_x1
	movff POSTDEC0,PREINC2
	movff POSTDEC0,PREINC2
	movff temp_x1,PREINC0
	movff (temp_x1+1),PREINC0
	movff POSTDEC2,PREINC0
	movff POSTDEC2,PREINC0
	return

; 2drop: defined at lib/primitives.fs:243
_2drop
	movf POSTDEC0,1,0
	movf POSTDEC0,1,0
	movf POSTDEC0,1,0
	movf POSTDEC0,1,0
	return

; op_plus: defined at lib/arithmetic.fs:6
op_plus
	movff POSTDEC0,temp_x1
	movf POSTDEC0,0,0
	movf POSTDEC0,1,0
	addwf POSTINC0,1,0
	movf temp_x1,0,0
	addwfc INDF0,1,0
	return

; +!: defined at lib/arithmetic.fs:18
_PL__EX_
	movff POSTDEC0,FSR1H
	movff POSTDEC0,FSR1L
	movf POSTDEC0,0,0
	movf POSTINC0,0,0
	addwf POSTINC1,1,0
	movf POSTDEC0,0,0
	addwfc INDF1,1,0
	movf POSTDEC0,0,0
	return

; op_minus: defined at lib/arithmetic.fs:39
op_minus
	movff POSTDEC0,temp_x1
	movf POSTDEC0,0,0
	movf POSTDEC0,1,0
	subwf POSTINC0,1,0
	movf temp_x1,0,0
	subwfb INDF0,1,0
	return

; -!: defined at lib/arithmetic.fs:51
_MI__EX_
	movff POSTDEC0,FSR1H
	movff POSTDEC0,FSR1L
	movf POSTDEC0,0,0
	movf POSTINC0,0,0
	subwf POSTINC1,1,0
	movf POSTDEC0,0,0
	subwfb INDF1,1,0
	movf POSTDEC0,0,0
	return

; and: defined at lib/arithmetic.fs:63
and
	movff POSTDEC0,temp_x1
	movf POSTDEC0,0,0
	movf POSTDEC0,1,0
	andwf POSTINC0,1,0
	movf temp_x1,0,0
	andwf INDF0,1,0
	return

; xor: defined at lib/arithmetic.fs:87
xor
	movff POSTDEC0,temp_x1
	movf POSTDEC0,0,0
	movf POSTDEC0,1,0
	xorwf POSTINC0,1,0
	movf temp_x1,0,0
	xorwf INDF0,1,0
	return

; 1>2: defined at lib/arithmetic.fs:106
_1_GT_2
	movf INDF0,0,0
	clrf INDF0,0
	movwf PREINC0,0
	clrf PREINC0,0
	return

; 2dupxor>w: defined at lib/arithmetic.fs:159
_2dupxor_GT_w
	movf POSTDEC0,1,0
	movf POSTDEC0,1,0
	movf POSTINC0,0,0
	xorwf PREINC0,0,0
	return

; 2*: defined at lib/arithmetic.fs:196
_2_ST_
	bcf STATUS,0,0
	movf POSTDEC0,0,0
	rlcf POSTINC0,1,0
	rlcf INDF0,1,0
	return

; depth: defined at lib/arithmetic.fs:236
depth
	movff (FSR0L+1),(temp_x1+1)
	movff FSR0L,temp_x1
	movff temp_x1,PREINC0
	movff (temp_x1+1),PREINC0
	movlw LOW((-0x5f))
	movf POSTDEC0,1,0
	addwf POSTINC0,1,0
	movlw HIGH((-0x5f))
	addwfc INDF0,1,0
	rlcf INDF0,0,0
	rrcf POSTDEC0,1,0
	rrcf POSTINC0,1,0
	return

; mulw: defined at lib/math.fs:7
mulw
	movf (temp_w+1),0,0
	mulwf (temp_l+1),0
	movff PRODH,(temp_e+1)
	movff PRODL,temp_e
	movf temp_w,0,0
	mulwf temp_l,0
	movff PRODH,temp_c3
	movff PRODL,temp_w
	mulwf (temp_l+1),0
	movf PRODL,0,0
	addwf temp_c3,1,0
	movf PRODH,0,0
	addwfc temp_e,1,0
	clrf WREG,0
	addwfc (temp_e+1),1,0
	movf (temp_w+1),0,0
	mulwf temp_l,0
	movf PRODL,0,0
	addwf temp_c3,0,0
	movwf (temp_w+1),0
	movf PRODH,0,0
	addwfc temp_e,1,0
	clrf WREG,0
	addwfc (temp_e+1),1,0
	return

; div32: defined at lib/math.fs:40
div32
	clrf temp_c0,0
	clrf temp_c1,0
	clrf temp_c2,0
	movlw -32
	movwf temp_c3,0
div322
	bcf STATUS,0,0
	rlcf temp_w,1,0
	rlcf (temp_w+1),1,0
	rlcf temp_e,1,0
	rlcf (temp_e+1),1,0
	rlcf temp_c2,1,0
	rlcf temp_c1,1,0
	rlcf temp_c0,1,0
	movf temp_l,0,0
	subwf temp_c2,1,0
	movf (temp_l+1),0,0
	subwfb temp_c1,0,0
	bc div324
	tstfsz temp_c0,0
	bra div323
	movf temp_l,0,0
	addwf temp_c2,1,0
	bra div325
div323
	decf temp_c0,1,0
div324
	movwf temp_c1,0
	bsf temp_w,0,0
	btfss temp_c3,4,0
	bra div326
div325
	incfsz temp_c3,1,0
	bra div322
	movff temp_c2,temp_e
	movff temp_c1,(temp_e+1)
	return
div326
	movlw 0xff
	movwf (temp_w+1),0
	movwf temp_w,0
	movwf (temp_e+1),0
	movwf temp_e,0
	return

; normalize-tos-2: defined at lib/math.fs:91
normalize_MI_tos_MI_2
	call normalize_MI_tos
	movff POSTDEC0,PREINC2
	movff POSTDEC0,PREINC2
	call normalize_MI_tos
	movff POSTDEC2,PREINC0
	movff POSTDEC2,PREINC0
	return

; normalize-tos-3: defined at lib/math.fs:92
normalize_MI_tos_MI_3
	call normalize_MI_tos
	movff POSTDEC0,PREINC2
	movff POSTDEC0,PREINC2
	call normalize_MI_tos_MI_2
	movff POSTDEC2,PREINC0
	movff POSTDEC2,PREINC0
	return

; flashc@: defined at lib/tables.fs:14
flashc_AT_
	call flash_MI_addr_EX_
	tblrd*+
	movff TABLAT,PREINC0
	clrf PREINC0,0
	return

; flash@: defined at lib/tables.fs:15
flash_AT_
	call flash_MI_addr_EX_
	tblrd*+
	movff TABLAT,PREINC0
	clrf PREINC0,0
	tblrd*+
	movff TABLAT,PREINC0
	clrf PREINC0,0
	movf POSTDEC0,0,0
	movf POSTDEC0,0,0
	movwf INDF0,0
	return

; eeprom-addr!: defined at lib/tables.fs:17
eeprom_MI_addr_EX_
	movwf EEADR,0
	bcf EECON1,7,0
	bcf EECON1,6,0
	return

; eepromc@: defined at lib/tables.fs:19
eepromc_AT_
	call eeprom_MI_addr_EX_
	bsf EECON1,0,0
	movf EEDATA,0,0
	return

; eeprom@: defined at lib/tables.fs:21
eeprom_AT_
	call dup
	movf POSTDEC0,0
	movf POSTDEC0,0
	call eepromc_AT_
	movwf PREINC0,0
	clrf PREINC0,0
	call swap
	movf POSTDEC0,0,0
	infsnz POSTINC0,1,0
	incf INDF0,1,0
	movf POSTDEC0,0
	movf POSTDEC0,0
	call eepromc_AT_
	movwf PREINC0,0
	clrf PREINC0,0
	movf POSTDEC0,0,0
	movf POSTDEC0,0,0
	movwf INDF0,0
	return

; nibble-to-hex: defined at lib/strings.fs:11
nibble_MI_to_MI_hex
	movf POSTDEC0,0,0
	movlw 0xf6
	addwf INDF0,1,0
	movlw 0x3a
	btfsc STATUS,0,0
	addlw 7
	addwf POSTDEC0,0,0
	return

; .s: defined at lib/strings.fs:56
_DT_s
	movlw 60
	movwf PREINC0,0
	clrf PREINC0,0
	call emit
	call depth
	call dup
	call _DT_
	movlw 62
	movwf PREINC0,0
	clrf PREINC0,0
	call emit
	call dup
	movf POSTDEC0,0,0
	iorwf POSTDEC0,0,0
	bz _lbl___94
	call dup
	movlw 8
	movwf PREINC0,0
	clrf PREINC0,0
	call _GT_
	movf POSTDEC0,0,0
	iorwf POSTDEC0,0,0
	bz _lbl___95
	movf POSTDEC0,1,0
	movf POSTDEC0,1,0
	movlw LOW((_data_+0x8000))
	movwf PREINC0,0
	movlw HIGH((_data_+0x8000))
	movwf PREINC0,0
	movlw 4
	movwf PREINC0,0
	clrf PREINC0,0
	call type
	movlw 8
	movwf PREINC0,0
	clrf PREINC0,0
_lbl___95
	movf POSTDEC0,0
	movf POSTDEC0,0
	movwf PREINC2,0
_lbl___96
	call _space
	movff INDF2,PREINC0
	clrf PREINC0,0
	movlw LOW((-1))
	movf POSTDEC0,1,0
	addwf POSTINC0,1,0
	movlw HIGH((-1))
	addwfc INDF0,1,0
	call pick
	call _DT_
	decfsz INDF2,1,0
	bra _lbl___96
	movf POSTDEC2,1,0
	return
_lbl___94
	movf POSTDEC0,1,0
	movf POSTDEC0,1,0
	return

;---------------------------------------------------------
; Section: memory
;---------------------------------------------------------

; temp_x1: defined at lib/primitives.fs:22
temp_x1 equ 0x0

; temp_x2: defined at lib/primitives.fs:23
temp_x2 equ 0x2

; temp_x3: defined at lib/primitives.fs:24
temp_x3 equ 0x4

; temp_w: defined at lib/math.fs:3
temp_w equ 0x7

; temp_l: defined at lib/math.fs:3
temp_l equ 0x9

; temp_e: defined at lib/math.fs:3
temp_e equ 0xb

; temp_c0: defined at lib/math.fs:4
temp_c0 equ 0xd

; temp_c1: defined at lib/math.fs:4
temp_c1 equ 0xe

; temp_c2: defined at lib/math.fs:4
temp_c2 equ 0xf

; temp_c3: defined at lib/math.fs:4
temp_c3 equ 0x10

; math-flags: defined at lib/math.fs:87
math_MI_flags equ 0x11

; x: defined at tests/test-suite.fs:3
x equ 0x100

;---------------------------------------------------------
; Section: static data
;---------------------------------------------------------

; defined at lib/strings.fs:60 as:
;  ...
_data_
	db 32,46,46,46

; defined at tests/test-suite.fs:5 as:
; Starting\n
_data___1
	db 83,116,97,114,116,105,110,103
	db 13,10

; defined at tests/test-suite.fs:8 as:
; Testing abs for 
_data___2
	db 84,101,115,116,105,110,103,32
	db 97,98,115,32,102,111,114,32

; defined at tests/test-suite.fs:8 as:
; : 
_data___3
	db 58,32

; defined at tests/test-suite.fs:11 as:
; Testing 0x103 + 0x1234 (0x1337): 
_data___4
	db 84,101,115,116,105,110,103,32
	db 48,120,49,48,51,32,43,32
	db 48,120,49,50,51,52,32,40
	db 48,120,49,51,51,55,41,58
	db 32

; defined at tests/test-suite.fs:14 as:
; Testing 0x1337 - 0x1234 (0x103): 
_data___5
	db 84,101,115,116,105,110,103,32
	db 48,120,49,51,51,55,32,45
	db 32,48,120,49,50,51,52,32
	db 40,48,120,49,48,51,41,58
	db 32

; defined at tests/test-suite.fs:17 as:
; Adding 0x1234 to 0x103 in memory: 
_data___6
	db 65,100,100,105,110,103,32,48
	db 120,49,50,51,52,32,116,111
	db 32,48,120,49,48,51,32,105
	db 110,32,109,101,109,111,114,121
	db 58,32

; defined at tests/test-suite.fs:20 as:
; Subtrating 0x1234 from 0x1337 in memory: 
_data___7
	db 83,117,98,116,114,97,116,105
	db 110,103,32,48,120,49,50,51
	db 52,32,102,114,111,109,32,48
	db 120,49,51,51,55,32,105,110
	db 32,109,101,109,111,114,121,58
	db 32

; defined at tests/test-suite.fs:23 as:
;  -- ERROR
_data___8
	db 32,45,45,32,69,82,82,79
	db 82

; defined at tests/test-suite.fs:24 as:
;  -- ERROR
_data___9
	db 32,45,45,32,69,82,82,79
	db 82

; defined at tests/test-suite.fs:27 as:
; 1 2 < : 
_data___10
	db 49,32,50,32,60,32,58,32

; defined at tests/test-suite.fs:28 as:
; 1 2 <= : 
_data___11
	db 49,32,50,32,60,61,32,58
	db 32

; defined at tests/test-suite.fs:29 as:
; 1 2 > : 
_data___12
	db 49,32,50,32,62,32,58,32

; defined at tests/test-suite.fs:30 as:
; 1 2 >= : 
_data___13
	db 49,32,50,32,62,61,32,58
	db 32

; defined at tests/test-suite.fs:31 as:
; 1 2 = : 
_data___14
	db 49,32,50,32,61,32,58,32

; defined at tests/test-suite.fs:32 as:
; 1 2 <> : 
_data___15
	db 49,32,50,32,60,62,32,58
	db 32

; defined at tests/test-suite.fs:33 as:
; 1 1 < : 
_data___16
	db 49,32,49,32,60,32,58,32

; defined at tests/test-suite.fs:34 as:
; 1 1 <= : 
_data___17
	db 49,32,49,32,60,61,32,58
	db 32

; defined at tests/test-suite.fs:35 as:
; 1 1 > : 
_data___18
	db 49,32,49,32,62,32,58,32

; defined at tests/test-suite.fs:36 as:
; 1 1 >= : 
_data___19
	db 49,32,49,32,62,61,32,58
	db 32

; defined at tests/test-suite.fs:37 as:
; 1 1 = : 
_data___20
	db 49,32,49,32,61,32,58,32

; defined at tests/test-suite.fs:38 as:
; 1 1 <> : 
_data___21
	db 49,32,49,32,60,62,32,58
	db 32

; defined at tests/test-suite.fs:39 as:
; 1 0= : 
_data___22
	db 49,32,48,61,32,58,32

; defined at tests/test-suite.fs:40 as:
; 1 0< : 
_data___23
	db 49,32,48,60,32,58,32

; defined at tests/test-suite.fs:41 as:
; 1 0> : 
_data___24
	db 49,32,48,62,32,58,32

; defined at tests/test-suite.fs:42 as:
; 1 0<= : 
_data___25
	db 49,32,48,60,61,32,58,32

; defined at tests/test-suite.fs:43 as:
; 1 0>= : 
_data___26
	db 49,32,48,62,61,32,58,32

; defined at tests/test-suite.fs:44 as:
; -1 0= : 
_data___27
	db 45,49,32,48,61,32,58,32

; defined at tests/test-suite.fs:45 as:
; -1 0< : 
_data___28
	db 45,49,32,48,60,32,58,32

; defined at tests/test-suite.fs:46 as:
; -1 0> : 
_data___29
	db 45,49,32,48,62,32,58,32

; defined at tests/test-suite.fs:47 as:
; -1 0<= : 
_data___30
	db 45,49,32,48,60,61,32,58
	db 32

; defined at tests/test-suite.fs:48 as:
; -1 0>= : 
_data___31
	db 45,49,32,48,62,61,32,58
	db 32

; defined at tests/test-suite.fs:49 as:
; 0 0= : 
_data___32
	db 48,32,48,61,32,58,32

; defined at tests/test-suite.fs:50 as:
; 0 0< : 
_data___33
	db 48,32,48,60,32,58,32

; defined at tests/test-suite.fs:51 as:
; 0 0> : 
_data___34
	db 48,32,48,62,32,58,32

; defined at tests/test-suite.fs:52 as:
; 0 0<= : 
_data___35
	db 48,32,48,60,61,32,58,32

; defined at tests/test-suite.fs:53 as:
; 0 0>= : 
_data___36
	db 48,32,48,62,61,32,58,32

; defined at tests/test-suite.fs:57 as:
; Should print 1234 5678: 
_data___37
	db 83,104,111,117,108,100,32,112
	db 114,105,110,116,32,49,50,51
	db 52,32,53,54,55,56,58,32

; defined at tests/test-suite.fs:60 as:
; 1234 2* : 
_data___38
	db 49,50,51,52,32,50,42,32
	db 58,32

; defined at tests/test-suite.fs:63 as:
; 2468 2/ : 
_data___39
	db 50,52,54,56,32,50,47,32
	db 58,32

; defined at tests/test-suite.fs:64 as:
; FFF0 2/ : 
_data___40
	db 70,70,70,48,32,50,47,32
	db 58,32

; defined at tests/test-suite.fs:68 as:
; 75 3A * (1A82): 
_data___41
	db 55,53,32,51,65,32,42,32
	db 40,49,65,56,50,41,58,32

; defined at tests/test-suite.fs:71 as:
; 1000 PI * (0C45): 
_data___42
	db 49,48,48,48,32,80,73,32
	db 42,32,40,48,67,52,53,41
	db 58,32

END
