	processor pic18f248
	radix dec
	org 0x2000
	goto init_runtime

;---------------------------------------------------------
; Section: constants
;---------------------------------------------------------

TBLPTRU equ 0xff8

TBLPTRH equ 0xff7

TBLPTRL equ 0xff6

TABLAT equ 0xff5

INDF0 equ 0xfef

POSTINC0 equ 0xfee

POSTDEC0 equ 0xfed

PREINC0 equ 0xfec

PLUSW0 equ 0xfeb

FSR0H equ 0xfea

FSR0L equ 0xfe9

INDF1 equ 0xfe7

FSR1H equ 0xfe2

FSR1L equ 0xfe1

INDF2 equ 0xfdf

POSTDEC2 equ 0xfdd

PREINC2 equ 0xfdc

FSR2H equ 0xfda

FSR2L equ 0xfd9

STATUS equ 0xfd8

TXREG equ 0xfad

EEADR equ 0xfa9

EEDATA equ 0xfa8

EECON1 equ 0xfa6

PIR1 equ 0xf9e

;---------------------------------------------------------
; Section: code
;---------------------------------------------------------

init_runtime
	movlb 1
	clrf x,1
	clrf (x+1),1
	movlw 0x5f
	movwf FSR0L,0
	clrf FSR0H,0
	movlw 0xbf
	movwf FSR2L,0
	clrf FSR2H,0

main
	movlw LOW(0x1234)
	movwf PREINC0,0
	movlw HIGH(0x1234)
	movwf PREINC0,0
	call tests
	movlw LOW(0x20ff)
	movwf PREINC0,0
	movlw HIGH(0x20ff)
	movwf PREINC0,0
	call tests
	clrf PREINC0,0
	movlw HIGH(0x2000)
	movwf PREINC0,0

tests
	call init
	call test1_PL_
	call test2_PL_
	call test1_MI_
	call test2_MI_
	call test100_PL_
	call test200_PL_
	call test100_MI_

test200_MI_
	movlw LOW((_data___9+0x8000))
	movwf PREINC0,0
	movlw HIGH((_data___9+0x8000))
	movwf PREINC0,0
	movlw 12
	call type
	movff x,PREINC0
	movff (x+1),PREINC0
	movlw HIGH((-0x200))
	addwf INDF0,1,0
	call _DT_

cr
	movlw 0xa
	call emit
	movlw 0xd

emit
	btfss PIR1,4,0
	bra emit
	movwf TXREG,0
	return

_DT_
	call _1_GT_2
	call emit_MI_8

emit_MI_8
	call dup
	movf POSTDEC0,0,0
	swapf POSTINC0,1,0
	movf POSTDEC0,0
	movf POSTDEC0,0
	andlw 0xf
	call emit_MI_4
	movf POSTDEC0,0
	movf POSTDEC0,0
	andlw 0xf

emit_MI_4
	call nibble_MI_to_MI_hex
	goto emit

table_MI_addr_EX_
	clrf TBLPTRU,0
	call _1_GT_2
	movf POSTDEC0,0,0
	movff POSTDEC0,TBLPTRH
	movf POSTDEC0,0,0
	movff POSTDEC0,TBLPTRL
	bcf EECON1,6,0
	return

flash_MI_addr_EX_
	bcf INDF0,7,0
	bsf EECON1,7,0
	bra table_MI_addr_EX_

test1_PL_
	movlw LOW((_data___2+0x8000))
	movwf PREINC0,0
	movlw HIGH((_data___2+0x8000))
	movwf PREINC0,0
	movlw 9
	call type
	movff x,PREINC0
	movff (x+1),PREINC0
	movf POSTDEC0,0,0
	infsnz POSTINC0,1,0
	incf INDF0,1,0
	call _DT_
	goto cr

test2_PL_
	movlw LOW((_data___3+0x8000))
	movwf PREINC0,0
	movlw HIGH((_data___3+0x8000))
	movwf PREINC0,0
	movlw 10
	call type
	movff x,PREINC0
	movff (x+1),PREINC0
	movlw LOW(2)
	movf POSTDEC0,1,0
	addwf POSTINC0,1,0
	movlw HIGH(2)
	addwfc INDF0,1,0
	call _DT_
	goto cr

test1_MI_
	movlw LOW((_data___4+0x8000))
	movwf PREINC0,0
	movlw HIGH((_data___4+0x8000))
	movwf PREINC0,0
	movlw 9
	call type
	movff x,PREINC0
	movff (x+1),PREINC0
	movlw LOW((-1))
	movf POSTDEC0,1,0
	addwf POSTINC0,1,0
	movlw HIGH((-1))
	addwfc INDF0,1,0
	call _DT_
	goto cr

test2_MI_
	movlw LOW((_data___5+0x8000))
	movwf PREINC0,0
	movlw HIGH((_data___5+0x8000))
	movwf PREINC0,0
	movlw 10
	call type
	movff x,PREINC0
	movff (x+1),PREINC0
	movlw LOW((-2))
	movf POSTDEC0,1,0
	addwf POSTINC0,1,0
	movlw HIGH((-2))
	addwfc INDF0,1,0
	call _DT_
	goto cr

test100_PL_
	movlw LOW((_data___6+0x8000))
	movwf PREINC0,0
	movlw HIGH((_data___6+0x8000))
	movwf PREINC0,0
	movlw 12
	call type
	movff x,PREINC0
	movff (x+1),PREINC0
	incf INDF0,1,0
	call _DT_
	goto cr

test200_PL_
	movlw LOW((_data___7+0x8000))
	movwf PREINC0,0
	movlw HIGH((_data___7+0x8000))
	movwf PREINC0,0
	movlw 12
	call type
	movff x,PREINC0
	movff (x+1),PREINC0
	movlw HIGH(0x200)
	addwf INDF0,1,0
	call _DT_
	goto cr

test100_MI_
	movlw LOW((_data___8+0x8000))
	movwf PREINC0,0
	movlw HIGH((_data___8+0x8000))
	movwf PREINC0,0
	movlw 12
	call type
	movff x,PREINC0
	movff (x+1),PREINC0
	decf INDF0,1,0
	call _DT_
	goto cr

dup
	movlw -1
	movff PLUSW0,PREINC0
	movff PLUSW0,PREINC0
	return

op_cfetch_tos
	btfsc INDF0,7,0
	goto flashc_AT_
	btfsc INDF0,4,0
	goto eepromc_AT_
	movff POSTDEC0,FSR1H
	movff POSTDEC0,FSR1L
	movff INDF1,PREINC0
	clrf PREINC0,0
	return

_1_GT_2
	movf INDF0,0,0
	clrf INDF0,0
	movwf PREINC0,0
	clrf PREINC0,0
	return

flashc_AT_
	call flash_MI_addr_EX_
	tblrd*+
	movff TABLAT,PREINC0
	clrf PREINC0,0
	return

eeprom_MI_addr_EX_
	movwf EEADR,0
	bcf EECON1,7,0
	bcf EECON1,6,0
	return

eepromc_AT_
	call eeprom_MI_addr_EX_
	bsf EECON1,0,0
	movf EEDATA,0,0
	return

nibble_MI_to_MI_hex
	addlw 0xf6
	btfsc STATUS,0,0
	addlw 7
	addlw 0x3a
	return

type
	movwf PREINC2,0
	iorlw 0
	bz _lbl___91
_lbl___93
	call dup
	call op_cfetch_tos
	movf POSTDEC0,0
	movf POSTDEC0,0
	call emit
	movf POSTDEC0,0,0
	infsnz POSTINC0,1,0
	incf INDF0,1,0
	decfsz INDF2,1,0
	bra _lbl___93
_lbl___91
	movf POSTDEC2,1,0
	movf POSTDEC0,1,0
	movf POSTDEC0,1,0
	return

init
	movlw LOW((_data___1+0x8000))
	movwf PREINC0,0
	movlw HIGH((_data___1+0x8000))
	movwf PREINC0,0
	movlw 5
	call type
	call dup
	call _DT_
	call cr
	movff POSTDEC0,(x+1)
	movff POSTDEC0,x
	return

;---------------------------------------------------------
; Section: memory
;---------------------------------------------------------

x equ 0x100

;---------------------------------------------------------
; Section: static data
;---------------------------------------------------------

_data___1
	db 120,32,60,45,32

_data___2
	db 120,32,64,32,49,43,32,61
	db 32

_data___3
	db 120,32,64,32,50,32,43,32
	db 61,32

_data___4
	db 120,32,64,32,49,45,32,61
	db 32

_data___5
	db 120,32,64,32,50,32,45,32
	db 61,32

_data___6
	db 120,32,64,32,49,48,48,32
	db 43,32,61,32

_data___7
	db 120,32,64,32,50,48,48,32
	db 43,32,61,32

_data___8
	db 120,32,64,32,49,48,48,32
	db 45,32,61,32

_data___9
	db 120,32,64,32,50,48,48,32
	db 45,32,61,32

END
