	processor pic18f248
	radix dec
	org 0x2000
	goto init_runtime
	org 0x2008
	reset
	org 0x2018
	reset

;---------------------------------------------------------
; Section: constants
;---------------------------------------------------------

TBLPTRU equ 0xff8

TBLPTRH equ 0xff7

TBLPTRL equ 0xff6

TABLAT equ 0xff5

INDF0 equ 0xfef

POSTINC0 equ 0xfee

POSTDEC0 equ 0xfed

PREINC0 equ 0xfec

PLUSW0 equ 0xfeb

FSR0H equ 0xfea

FSR0L equ 0xfe9

WREG equ 0xfe8

INDF1 equ 0xfe7

FSR1H equ 0xfe2

FSR1L equ 0xfe1

INDF2 equ 0xfdf

POSTDEC2 equ 0xfdd

PREINC2 equ 0xfdc

FSR2H equ 0xfda

FSR2L equ 0xfd9

STATUS equ 0xfd8

TXREG equ 0xfad

EEADR equ 0xfa9

EEDATA equ 0xfa8

EECON1 equ 0xfa6

PIR1 equ 0xf9e

bl equ 0x20

;---------------------------------------------------------
; Section: code
;---------------------------------------------------------

init_runtime
	movlb 1
	clrf (x+1),1
	clrf x,1
	movlw 0x5f
	movwf FSR0L,0
	clrf FSR0H,0
	movlw 0xbf
	movwf FSR2L,0
	clrf FSR2H,0

main
	call cr
	movlw LOW((main_str+0x8000))
	movwf PREINC0,0
	movlw HIGH((main_str+0x8000))
	movwf PREINC0,0
	movlw 15
	call type
	call depth
	call _
	call cr
	bsf x,3,1
	bcf x,5,1
	clrf PREINC0,0
	movlw HIGH(x)
	movwf PREINC0,0
	movlw 3
	movwf PREINC0,0
	clrf PREINC0,0
	call test_set
	call _space
	clrf PREINC0,0
	movlw HIGH(x)
	movwf PREINC0,0
	movlw 3
	movwf PREINC0,0
	clrf PREINC0,0
	call test_clr
	call cr
	clrf PREINC0,0
	movlw HIGH(x)
	movwf PREINC0,0
	movlw 5
	movwf PREINC0,0
	clrf PREINC0,0
	call test_set
	call _space
	clrf PREINC0,0
	movlw HIGH(x)
	movwf PREINC0,0
	movlw 5
	movwf PREINC0,0
	clrf PREINC0,0
	call test_clr
	call cr
	clrf PREINC0,0
	movlw HIGH(x)
	movwf PREINC0,0
	movlw 3
	movwf PREINC0,0
	clrf PREINC0,0
	call op_bit_clr
	clrf PREINC0,0
	movlw HIGH(x)
	movwf PREINC0,0
	movlw 5
	movwf PREINC0,0
	clrf PREINC0,0
	call op_bit_set
	clrf PREINC0,0
	movlw HIGH(x)
	movwf PREINC0,0
	movlw 3
	movwf PREINC0,0
	clrf PREINC0,0
	call test_set
	call _space
	clrf PREINC0,0
	movlw HIGH(x)
	movwf PREINC0,0
	movlw 3
	movwf PREINC0,0
	clrf PREINC0,0
	call test_clr
	call cr
	clrf PREINC0,0
	movlw HIGH(x)
	movwf PREINC0,0
	movlw 5
	movwf PREINC0,0
	clrf PREINC0,0
	call test_set
	call _space
	clrf PREINC0,0
	movlw HIGH(x)
	movwf PREINC0,0
	movlw 5
	movwf PREINC0,0
	clrf PREINC0,0
	call test_clr
	call cr
	clrf PREINC0,0
	movlw HIGH(x)
	movwf PREINC0,0
	movlw 3
	movwf PREINC0,0
	clrf PREINC0,0
	call op_bit_toggle
	clrf PREINC0,0
	movlw HIGH(x)
	movwf PREINC0,0
	movlw 5
	movwf PREINC0,0
	clrf PREINC0,0
	call op_bit_toggle
	clrf PREINC0,0
	movlw HIGH(x)
	movwf PREINC0,0
	movlw 3
	movwf PREINC0,0
	clrf PREINC0,0
	call test_set
	call _space
	clrf PREINC0,0
	movlw HIGH(x)
	movwf PREINC0,0
	movlw 3
	movwf PREINC0,0
	clrf PREINC0,0
	call test_clr
	call cr
	clrf PREINC0,0
	movlw HIGH(x)
	movwf PREINC0,0
	movlw 5
	movwf PREINC0,0
	clrf PREINC0,0
	call test_set
	call _space
	clrf PREINC0,0
	movlw HIGH(x)
	movwf PREINC0,0
	movlw 5
	movwf PREINC0,0
	clrf PREINC0,0
	call test_clr
	call cr
	movlw LOW((main_str__1+0x8000))
	movwf PREINC0,0
	movlw HIGH((main_str__1+0x8000))
	movwf PREINC0,0
	movlw 15
	call type
	call depth
	call _

cr
	movlw 0xa
	call emit
	movlw 0xd

emit
	btfss PIR1,4,0
	bra emit
	movwf TXREG,0
	return

test_set
	call op_bit_set_q
	movf POSTDEC0,0,0
	iorwf POSTDEC0,0,0
	bz _lbl___446
	movlw LOW((test_set_str+0x8000))
	movwf PREINC0,0
	movlw HIGH((test_set_str+0x8000))
	movwf PREINC0,0
	movlw 3
	goto type
_lbl___446
	movlw LOW((test_set_str__1+0x8000))
	movwf PREINC0,0
	movlw HIGH((test_set_str__1+0x8000))
	movwf PREINC0,0
	movlw 7

type
	movwf PREINC2,0
	iorlw 0
	bz _lbl___250
_lbl___252
	call op_dup
	call op_cfetch_tos
	movf POSTDEC0,0,0
	movf POSTDEC0,0,0
	call emit
	movf POSTDEC0,0,0
	infsnz POSTINC0,1,0
	incf INDF0,1,0
	decfsz INDF2,1,0
	bra _lbl___252
_lbl___250
	movf POSTDEC2,1,0
	movf POSTDEC0,0,0
	movf POSTDEC0,0,0
	return

_
	call _1_GT_2
	call emit_8

emit_8
	call op_dup
	movf POSTDEC0,0,0
	swapf POSTINC0,1,0
	movf POSTDEC0,0,0
	movf POSTDEC0,0,0
	andlw 0xf
	call emit_4
	movf POSTDEC0,0,0
	movf POSTDEC0,0,0
	andlw 0xf

emit_4
	call nibble_to_hex
	goto emit

flash_addr_EX_
	bcf INDF0,7,0
	bsf EECON1,7,0

table_addr_EX_
	clrf TBLPTRU,0
	call _1_GT_2
	movf POSTDEC0,0,0
	movff POSTDEC0,TBLPTRH
	movf POSTDEC0,0,0
	movff POSTDEC0,TBLPTRL
	bcf EECON1,6,0
	return

_space
	movlw bl
	goto emit

test_clr
	call op_bit_clr_q
	movf POSTDEC0,0,0
	iorwf POSTDEC0,0,0
	bz _lbl___450
	movlw LOW((test_clr_str+0x8000))
	movwf PREINC0,0
	movlw HIGH((test_clr_str+0x8000))
	movwf PREINC0,0
	movlw 3
	goto type
_lbl___450
	movlw LOW((test_clr_str__1+0x8000))
	movwf PREINC0,0
	movlw HIGH((test_clr_str__1+0x8000))
	movwf PREINC0,0
	movlw 7
	goto type

op_dup
	movlw -1
	movff PLUSW0,PREINC0
	movff PLUSW0,PREINC0
	return

op_bit_mask_to_w
	movf POSTDEC0,0,0
	incf INDF0,1,0
	movlw 1
op_bit_mask_loop
	dcfsnz INDF0,1,0
	return
	rlncf WREG,1,0
	bra op_bit_mask_loop

op_bit_mask
	call op_bit_mask_to_w
	movwf POSTINC0,0
	clrf INDF0,0
	return

op_bit_test_common
	call op_bit_mask
	movf POSTDEC0,0,0
	movf POSTDEC0,0,0
	movff POSTDEC0,FSR1H
	movff POSTDEC0,FSR1L
	andwf INDF1,0,0
	return

op_bit_set
	call op_bit_mask_to_w
	movf POSTDEC0,1,0
	movff POSTDEC0,FSR1H
	movff POSTDEC0,FSR1L
	iorwf INDF1,1,0
	return

op_bit_clr
	call op_bit_mask_to_w
	movf POSTDEC0,1,0
	movff POSTDEC0,FSR1H
	movff POSTDEC0,FSR1L
	comf WREG,1,0
	andwf INDF1,1,0
	return

op_bit_toggle
	call op_bit_mask_to_w
	movf POSTDEC0,1,0
	movff POSTDEC0,FSR1H
	movff POSTDEC0,FSR1L
	xorwf INDF1,1,0
	return

op_bit_set_q
	call op_bit_test_common
	btfss STATUS,2,0
	movlw -1
	movwf PREINC0,0
	movwf PREINC0,0
	return

op_bit_clr_q
	call op_bit_test_common
	movlw 0
	btfsc STATUS,2,0
	movlw -1
	movwf PREINC0,0
	movwf PREINC0,0
	return

op_cfetch_tos
	btfsc INDF0,7,0
	goto flashc_AT_
	btfsc INDF0,4,0
	goto eepromc_AT_
	movff POSTDEC0,FSR1H
	movff POSTDEC0,FSR1L
	movff INDF1,PREINC0
	clrf PREINC0,0
	return

_1_GT_2
	movf INDF0,0,0
	clrf INDF0,0
	movwf PREINC0,0
	clrf PREINC0,0
	return

depth
	movff (FSR0L+1),(temp_x1+1)
	movff FSR0L,temp_x1
	movff temp_x1,PREINC0
	movff (temp_x1+1),PREINC0
	movlw LOW((-0x5f))
	movf POSTDEC0,1,0
	addwf POSTINC0,1,0
	movlw HIGH((-0x5f))
	addwfc INDF0,1,0
	rlcf INDF0,0,0
	rrcf POSTDEC0,1,0
	rrcf POSTINC0,1,0
	return

flashc_AT_
	call flash_addr_EX_
	tblrd*+
	movff TABLAT,PREINC0
	clrf PREINC0,0
	return

eeprom_addr_EX_
	movwf EEADR,0
	bcf EECON1,7,0
	bcf EECON1,6,0
	return

eepromc_AT_
	movf POSTDEC0,0,0
	movf POSTDEC0,0,0
	call eeprom_addr_EX_
	bsf EECON1,0,0
	movff EEDATA,PREINC0
	clrf PREINC0,0
	return

nibble_to_hex
	addlw 0xf6
	btfsc STATUS,0,0
	addlw 7
	addlw 0x3a
	return

;---------------------------------------------------------
; Section: memory
;---------------------------------------------------------

temp_x1 equ 0x0

x equ 0x100

;---------------------------------------------------------
; Section: static data
;---------------------------------------------------------

test_set_str
	db 115,101,116

test_set_str__1
	db 110,111,116,32,115,101,116

test_clr_str
	db 99,108,114

test_clr_str__1
	db 110,111,116,32,99,108,114

main_str
	db 67,117,114,114,101,110,116,32
	db 100,101,112,116,104,58,32

main_str__1
	db 67,117,114,114,101,110,116,32
	db 100,101,112,116,104,58,32

END
