	processor pic18f248
	radix dec
	org 0x2000
	goto main
	org 0x2008
	reset
	org 0x2018
	reset

;---------------------------------------------------------
; Section: constants
;---------------------------------------------------------

INDF0 equ 0xfef

;---------------------------------------------------------
; Section: code
;---------------------------------------------------------

main
	clrf INDF0,0
	return

	END
